# Tests from 7-base_geometry

>>> BaseGeometry = __import__('7-base_geometry').BaseGeometry
>>> bg = BaseGeometry()
>>> bg.integer_validator("string", 12)

>>> bg.integer_validator("new_str", 0)
Traceback (most recent call last):
ValueError: new_str must be greater than 0

>>> bg.integer_validator("new_str2", "str")
Traceback (most recent call last):
TypeError: new_str2 must be an integer

>>> bg.integer_validator("new_str", -2)
Traceback (most recent call last):
ValueError: new_str must be greater than 0

>>> bg.area()
Traceback (most recent call last):
Exception: area() is not implemented
